<h1>Test video extra</h1>
<p>A <a href="http://example.com">link with <strong>bold</strong></a></p>
<p><iframe src="https://www.youtube.com/embed/BpJKvrjLUp0" width="560" height="315" allowfullscreen frameborder="0"></iframe></p>
<p>These ones should not be allowed by config:</p>
<p>!(http://jsfiddle.net/Sandhose/BcKhe/1/)</p>
<p>!(http://jsfiddle.net/zgjhjv9j/)</p>
<p>!(http://jsfiddle.net/zgjhjv9j/1/)</p>
<p>!(http://jsfiddle.net/Sandhose/BcKhe/)</p>
