<h1>Test video</h1>
<p><iframe src="https://www.youtube.com/embed/BpJKvrjLUp0" width="560" height="315" allowfullscreen frameborder="0"></iframe></p>
<p><iframe src="https://www.dailymotion.com/embed/video/x2y6lhm" width="480" height="270" allowfullscreen frameborder="0"></iframe></p>
<p><iframe src="https://player.vimeo.com/video/133693532" width="500" height="281" allowfullscreen frameborder="0"></iframe></p>
<p><iframe src="https://screen.yahoo.com/weatherman-gives-forecast-using-taylor-191821481.html?format=embed&#x26;player_autoplay=false" width="624" height="351" allowfullscreen frameborder="0"></iframe></p>
<p><iframe src="https://www.youtube.com/embed/BpJKvrjLUp0" width="560" height="315" allowfullscreen frameborder="0"></iframe></p>
<p><iframe src="https://youtube.com/embed/BpJKvrjLUp0" width="560" height="315" allowfullscreen frameborder="0"></iframe></p>
<p><iframe src="https://jsfiddle.net/Sandhose/BcKhe/1/embedded/result,js,html,css/" width="560" height="560" allowfullscreen frameborder="0"></iframe></p>
<p><iframe src="https://jsfiddle.net/zgjhjv9j/embedded/result,js,html,css/" width="560" height="560" allowfullscreen frameborder="0"></iframe></p>
<p><iframe src="https://jsfiddle.net/zgjhjv9j/1/embedded/result,js,html,css/" width="560" height="560" allowfullscreen frameborder="0"></iframe></p>
<p><iframe src="https://www.youtube.com/embed/1Bh4DZ2xGmw" width="560" height="315" allowfullscreen frameborder="0"></iframe></p>
<p><iframe src="http://player.ina.fr/player/embed/MAN9062216517/1/1b0bd203fbcd702f9bc9b10ac3d0fc21/560/315/1/148db8" width="620" height="349" allowfullscreen frameborder="0"></iframe></p>
<p>This one should not be allowed:</p>
<p>!(http://jsfiddle.net/Sandhose/BcKhe/)</p>
<p><iframe src="https://www.youtube.com/embed/BpJKvrjLUp0" width="560" height="315" allowfullscreen frameborder="0"></iframe>
with text after</p>
